// Jest Snapshot v1, https://goo.gl/fbAQLP

exports[`Should render ReviewsList 1`] = `
<section
  className="property__reviews reviews"
>
  <h2
    className="reviews__title"
  >
    Reviews Â· 
    <span
      className="reviews__amount"
    >
      1
    </span>
  </h2>
  <ul
    className="reviews__list"
  >
    <li
      className="reviews__item"
    >
      <div
        className="reviews__user user"
      >
        <div
          className="reviews__avatar-wrapper user__avatar-wrapper"
        >
          <img
            alt="Jim"
            className="reviews__avatar user__avatar"
            height="54"
            src="img/avatar-max.jpg"
            width="54"
          />
        </div>
        <span
          className="reviews__user-name"
        >
          Jim
        </span>
      </div>
      <div
        className="reviews__info"
      >
        <div
          className="reviews__rating rating"
        >
          <div
            className="reviews__stars rating__stars"
          >
            <span
              style={
                Object {
                  "width": "40%",
                }
              }
            />
            <span
              className="visually-hidden"
            >
              Rating
            </span>
          </div>
        </div>
        <p
          className="reviews__text"
        >
          A quiet cozy and picturesque that hides behind a a river by the unique lightness of Amsterdam. The building is green and from 18th century.
        </p>
        <time
          className="reviews__time"
          dateTime="2019-05-8"
        >
          June 2019
        </time>
      </div>
    </li>
    <li
      className="reviews__item"
    >
      <div
        className="reviews__user user"
      >
        <div
          className="reviews__avatar-wrapper user__avatar-wrapper"
        >
          <img
            alt="Nick"
            className="reviews__avatar user__avatar"
            height="54"
            src="img/avatar-max.jpg"
            width="54"
          />
        </div>
        <span
          className="reviews__user-name"
        >
          Nick
        </span>
      </div>
      <div
        className="reviews__info"
      >
        <div
          className="reviews__rating rating"
        >
          <div
            className="reviews__stars rating__stars"
          >
            <span
              style={
                Object {
                  "width": "40%",
                }
              }
            />
            <span
              className="visually-hidden"
            >
              Rating
            </span>
          </div>
        </div>
        <p
          className="reviews__text"
        >
          Quiet cozy and picturesque that hides behind a a river
        </p>
        <time
          className="reviews__time"
          dateTime="2019-04-8"
        >
          May 2019
        </time>
      </div>
    </li>
    <li
      className="reviews__item"
    >
      <div
        className="reviews__user user"
      >
        <div
          className="reviews__avatar-wrapper user__avatar-wrapper"
        >
          <img
            alt="Andrew"
            className="reviews__avatar user__avatar"
            height="54"
            src="img/avatar-max.jpg"
            width="54"
          />
        </div>
        <span
          className="reviews__user-name"
        >
          Andrew
        </span>
      </div>
      <div
        className="reviews__info"
      >
        <div
          className="reviews__rating rating"
        >
          <div
            className="reviews__stars rating__stars"
          >
            <span
              style={
                Object {
                  "width": "20%",
                }
              }
            />
            <span
              className="visually-hidden"
            >
              Rating
            </span>
          </div>
        </div>
        <p
          className="reviews__text"
        >
          The building is green and from 18th century. Quiet cozy and picturesque that hides behind a a river
        </p>
        <time
          className="reviews__time"
          dateTime="2019-04-8"
        >
          May 2019
        </time>
      </div>
    </li>
    <li
      className="reviews__item"
    >
      <div
        className="reviews__user user"
      >
        <div
          className="reviews__avatar-wrapper user__avatar-wrapper"
        >
          <img
            alt="Max"
            className="reviews__avatar user__avatar"
            height="54"
            src="img/avatar-max.jpg"
            width="54"
          />
        </div>
        <span
          className="reviews__user-name"
        >
          Max
        </span>
      </div>
      <div
        className="reviews__info"
      >
        <div
          className="reviews__rating rating"
        >
          <div
            className="reviews__stars rating__stars"
          >
            <span
              style={
                Object {
                  "width": "100%",
                }
              }
            />
            <span
              className="visually-hidden"
            >
              Rating
            </span>
          </div>
        </div>
        <p
          className="reviews__text"
        >
          Quiet cozy and picturesque that hides behind a a river
        </p>
        <time
          className="reviews__time"
          dateTime="2019-06-8"
        >
          July 2019
        </time>
      </div>
    </li>
    <li
      className="reviews__item"
    >
      <div
        className="reviews__user user"
      >
        <div
          className="reviews__avatar-wrapper user__avatar-wrapper"
        >
          <img
            alt="Jim"
            className="reviews__avatar user__avatar"
            height="54"
            src="img/avatar-max.jpg"
            width="54"
          />
        </div>
        <span
          className="reviews__user-name"
        >
          Jim
        </span>
      </div>
      <div
        className="reviews__info"
      >
        <div
          className="reviews__rating rating"
        >
          <div
            className="reviews__stars rating__stars"
          >
            <span
              style={
                Object {
                  "width": "100%",
                }
              }
            />
            <span
              className="visually-hidden"
            >
              Rating
            </span>
          </div>
        </div>
        <p
          className="reviews__text"
        >
          Quiet cozy and picturesque that hides behind a a river. The building is green and from 18th century. Quiet cozy and picturesque that hides behind a a rive
        </p>
        <time
          className="reviews__time"
          dateTime="2019-04-8"
        >
          May 2019
        </time>
      </div>
    </li>
  </ul>
</section>
`;
